// Jest Snapshot v1, https://goo.gl/fbAQLP

exports[`IssueInfo component check snapshot 1`] = `
<div>
  <div
    class="MuiPaper-root MuiPaper-elevation MuiPaper-rounded MuiPaper-elevation8 MuiCard-root css-fky5tw-MuiPaper-root-MuiCard-root"
    xs="[object Object]"
  >
    <div
      class="MuiCardContent-root css-2of5mt-MuiCardContent-root"
    >
      <h6
        class="MuiTypography-root MuiTypography-h6 css-2ulfj5-MuiTypography-root"
      >
        Ticket information
      </h6>
      <button
        class="MuiButton-root MuiButton-text MuiButton-textPrimary MuiButton-sizeMedium MuiButton-textSizeMedium MuiButtonBase-root  css-1e6y48t-MuiButtonBase-root-MuiButton-root"
        tabindex="0"
        type="button"
      >
        Take ticket!
        <span
          class="MuiTouchRipple-root css-8je8zh-MuiTouchRipple-root"
        />
      </button>
      <div
        class="MuiGrid-root MuiGrid-container MuiGrid-spacing-xs-2 css-mhc70k-MuiGrid-root"
      >
        <div
          class="MuiGrid-root MuiGrid-item MuiGrid-grid-xs-6 css-1hn59hz-MuiGrid-root"
        >
          <span
            class="MuiTypography-root MuiTypography-h7 css-37jdci-MuiTypography-root"
          >
            <b>
              Title
            </b>
          </span>
          <p
            class="MuiTypography-root MuiTypography-body1 css-ahj2mt-MuiTypography-root"
          >
            testing title
          </p>
          <span
            class="MuiTypography-root MuiTypography-h7 css-37jdci-MuiTypography-root"
          >
            <b>
              Description
            </b>
          </span>
          <p
            class="MuiTypography-root MuiTypography-body1 css-ahj2mt-MuiTypography-root"
          >
            a simple description of elevating a div
          </p>
          <span
            class="MuiTypography-root MuiTypography-h7 css-37jdci-MuiTypography-root"
          >
            <b>
              Created
            </b>
          </span>
          <p
            class="MuiTypography-root MuiTypography-body1 css-ahj2mt-MuiTypography-root"
          >
            Apr 23, 2022
          </p>
          <span
            class="MuiTypography-root MuiTypography-h7 css-37jdci-MuiTypography-root"
          >
            <b>
              No screenshots
            </b>
          </span>
          <div
            class="MuiBox-root css-1xhj18k"
          />
        </div>
        <div
          class="MuiGrid-root MuiGrid-item MuiGrid-grid-xs-6 css-1hn59hz-MuiGrid-root"
        >
          <span
            class="MuiTypography-root MuiTypography-h7 css-37jdci-MuiTypography-root"
          >
            <b>
              Priority
            </b>
          </span>
          <p
            class="MuiTypography-root MuiTypography-body1 css-ahj2mt-MuiTypography-root"
          >
            low
          </p>
          <span
            class="MuiTypography-root MuiTypography-h7 css-37jdci-MuiTypography-root"
          >
            <b>
              Type
            </b>
          </span>
          <p
            class="MuiTypography-root MuiTypography-body1 css-ahj2mt-MuiTypography-root"
          >
            bugg-error
          </p>
          <span
            class="MuiTypography-root MuiTypography-h7 css-37jdci-MuiTypography-root"
          >
            <b>
              Status
            </b>
          </span>
          <p
            class="MuiTypography-root MuiTypography-body1 css-ahj2mt-MuiTypography-root"
          >
            aditional info needed
          </p>
          <span
            class="MuiTypography-root MuiTypography-h7 css-37jdci-MuiTypography-root"
          >
            <b>
              No users assigned yet!
            </b>
          </span>
        </div>
      </div>
    </div>
  </div>
</div>
`;
